// Jest Snapshot v1, https://goo.gl/fbAQLP

exports[`[Model]: ColDefBuilderValidationError [ColDefBuilderValidationError instantiate] should be successfully created 1`] = `[Error]`;
