// Jest Snapshot v1, https://goo.gl/fbAQLP

exports[`[Model]: ColDefBuilderValidationError [ColDefBuilderValidationItem instantiate] should be successfully created 1`] = `
ColDefBuilderValidationItem {
  "duplicateErrorMessage": "",
  "isSet": false,
  "requiredErrorMessage": "",
}
`;
