// Jest Snapshot v1, https://goo.gl/fbAQLP

exports[`[Option]: VisibilityOptions [VisibilityOptions instantiate] should be successfully created 1`] = `
VisibilityOptions {
  "hide": false,
  "lockVisible": false,
}
`;
