// Jest Snapshot v1, https://goo.gl/fbAQLP

exports[`[Option]: WidthOptions [WidthOptions instantiate] should be successfully created 1`] = `
WidthOptions {
  "maxWidth": 500,
  "minWidth": 50,
}
`;
