// Jest Snapshot v1, https://goo.gl/fbAQLP

exports[`[Builder]: ColDefBuilder [—ÅolDefBuilder build] should throw exception if anything was set twice 1`] = `
Object {
  "floatingFilter": false,
  "sortable": false,
  "suppressMenu": true,
}
`;
